###############################################################################
#
# IAR ELF Linker V9.10.2.313/W64 for ARM                  10/Jan/2022  14:31:06
# Copyright 2007-2021 IAR Systems AB.
#
#    Output file  =
#        E:\College\4- Senior 1\Semester 1\CSE211 - Introduction to Embedded
#        Systems\Project\Final project\Debug\Exe\Project.out
#    Map file     =
#        E:\College\4- Senior 1\Semester 1\CSE211 - Introduction to Embedded
#        Systems\Project\Final project\Debug\List\Project.map
#    Command line =
#        -f "E:\College\4- Senior 1\Semester 1\CSE211 - Introduction to
#        Embedded Systems\Project\Final project\Debug\Exe\Project.out.rsp"
#        ("E:\College\4- Senior 1\Semester 1\CSE211 - Introduction to Embedded
#        Systems\Project\Final project\Debug\Obj\main.o" "E:\College\4- Senior
#        1\Semester 1\CSE211 - Introduction to Embedded Systems\Project\Final
#        project\Debug\Obj\startup_ewarm.o" --no_out_extension -o
#        "E:\College\4- Senior 1\Semester 1\CSE211 - Introduction to Embedded
#        Systems\Project\Final project\Debug\Exe\Project.out" --redirect
#        _Printf=_PrintfFullNoMb --redirect _Scanf=_ScanfFullNoMb --map
#        "E:\College\4- Senior 1\Semester 1\CSE211 - Introduction to Embedded
#        Systems\Project\Final project\Debug\List\Project.map" --config
#        "C:\Program Files\IAR Systems\Embedded Workbench
#        9.0\arm\config\linker\TexasInstruments\TM4C123GH6.icf" --semihosting
#        C:\ti\TivaWare_C_Series-2.2.0.295\driverlib\ewarm\Exe\driverlib.a
#        --entry __iar_program_start --vfe --text_out locale)
#
###############################################################################

*******************************************************************************
*** MESSAGES
***

Warning[Lt009]: Inconsistent wchar_t size
            gpio.o(driverlib.a) and 4 other objects in driverlib.a have wchar_t
                      size 16 bits
            main.o and 14 other objects, some of them in dl7M_tln.a and 11
                      other libraries have wchar_t size 32 bits


*******************************************************************************
*** RUNTIME MODEL ATTRIBUTES
***

CppFlavor       = *
__SystemLibrary = DLib
__dlib_version  = 6


*******************************************************************************
*** HEAP SELECTION
***

The basic heap was selected because some modules are built with
size limitations (and not runtime checking), and --advanced_heap
was not specified.


*******************************************************************************
*** PLACEMENT SUMMARY
***

"A0":  place at address 0x0 { ro section .intvec };
"P1":  place in [from 0x0 to 0x3'ffff] { ro };
define block CSTACK with size = 4K, alignment = 8 { };
define block HEAP with size = 8K, alignment = 8 { };
"P2":  place in [from 0x2000'0000 to 0x2000'7fff] {
          rw, block CSTACK, block HEAP };
do not initialize { rw section .noinit };
initialize by copy { rw };

  Section            Kind         Address    Size  Object
  -------            ----         -------    ----  ------
"A0":                                       0x26c
  .intvec            const            0x0   0x26c  startup_ewarm.o [1]
                                  - 0x26c   0x26c

"P1":                                      0x11a8
  .text              ro code        0x26c   0x8f0  main.o [1]
  .text              ro code        0xb5c    0x44  sysctl.o [3]
  .text              ro code        0xba0   0x40c  gpio.o [3]
  .text              ro code        0xfac   0x1a4  timer.o [3]
  .text              ro code       0x1150   0x160  interrupt.o [3]
  .text              ro code       0x12b0    0x38  zero_init3.o [5]
  .text              ro code       0x12e8    0x2a  copy_init3.o [5]
  .text              ro code       0x1314    0x28  data_init.o [5]
  .text              ro code       0x133c    0x22  fpinit_M.o [4]
  .iar.init_table    const         0x1360    0x24  - Linker created -
  .text              ro code       0x1384    0x1e  startup_ewarm.o [1]
  .text              ro code       0x13a4    0x1c  cstartup_M.o [5]
  .text              ro code       0x13c0    0x1e  cmain.o [5]
  .text              ro code       0x13de     0x4  low_level_init.o [2]
  .text              ro code       0x13e2     0x4  exit.o [2]
  .text              ro code       0x13e8     0xa  cexit.o [5]
  .text              ro code       0x13f4    0x14  exit.o [6]
  Initializer bytes  const         0x1408     0xc  <for P2-1>
  .rodata            const         0x1414     0x0  zero_init3.o [5]
  .rodata            const         0x1414     0x0  copy_init3.o [5]
                                 - 0x1414  0x11a8

"P2", part 1 of 3:                            0xc
  P2-1                        0x2000'0000     0xc  <Init block>
    .data            inited   0x2000'0000     0x4  main.o [1]
    .data            inited   0x2000'0004     0x4  main.o [1]
    .data            inited   0x2000'0008     0x4  main.o [1]
                            - 0x2000'000c     0xc

"P2", part 2 of 3:                          0x670
  VTABLE             zero     0x2000'0400   0x26c  interrupt.o [3]
  .bss               zero     0x2000'066c     0x4  main.o [1]
  .bss               zero     0x2000'0670     0x4  main.o [1]
  .bss               zero     0x2000'0674     0x4  main.o [1]
  .bss               zero     0x2000'0678     0x4  main.o [1]
                            - 0x2000'067c   0x670

"P2", part 3 of 3:                          0x200
  .noinit            uninit   0x2000'067c   0x200  startup_ewarm.o [1]
                            - 0x2000'087c   0x200

Unused ranges:

         From           To      Size
         ----           --      ----
       0x1414     0x3'ffff  0x3'ebec
  0x2000'087c  0x2000'7fff    0x7784


*******************************************************************************
*** INIT TABLE
***

          Address      Size
          -------      ----
Zero (__iar_zero_init3)
    1 destination range, total size 0x27c:
          0x2000'0400  0x27c

Copy (__iar_copy_init3)
    1 source range, total size 0xc:
               0x1408    0xc
    1 destination range, total size 0xc:
          0x2000'0000    0xc



*******************************************************************************
*** MODULE SUMMARY
***

    Module            ro code  ro data  rw data
    ------            -------  -------  -------
command line/config:
    -------------------------------------------
    Total:

E:\College\4- Senior 1\Semester 1\CSE211 - Introduction to Embedded Systems\Project\Final project\Debug\Obj: [1]
    main.o              2'288       12       28
    startup_ewarm.o        30      620      512
    -------------------------------------------
    Total:              2'318      632      540

dl7M_tln.a: [2]
    exit.o                  4
    low_level_init.o        4
    -------------------------------------------
    Total:                  8

driverlib.a: [3]
    gpio.o              1'036
    interrupt.o           352               620
    sysctl.o               68
    timer.o               420
    -------------------------------------------
    Total:              1'876               620

m7M_tls.a: [4]
    fpinit_M.o             34
    -------------------------------------------
    Total:                 34

rt7M_tl.a: [5]
    cexit.o                10
    cmain.o                30
    copy_init3.o           42
    cstartup_M.o           28
    data_init.o            40
    zero_init3.o           56
    -------------------------------------------
    Total:                206

shb_l.a: [6]
    exit.o                 20
    -------------------------------------------
    Total:                 20

    Gaps                    8        2    1'012
    Linker created                  36
-----------------------------------------------
    Grand Total:        4'470      670    2'172


*******************************************************************************
*** ENTRY LIST
***

Entry                       Address   Size  Type      Object
-----                       -------   ----  ----      ------
.iar.init_table$$Base        0x1360          --   Gb  - Linker created -
.iar.init_table$$Limit       0x1384          --   Gb  - Linker created -
?main                        0x13c1         Code  Gb  cmain.o [5]
FaultISR                     0x139f    0x2  Code  Lc  startup_ewarm.o [1]
GPIODirModeSet                0xbe1   0x28  Code  Gb  gpio.o [3]
GPIOFHandler                  0x829  0x2b4  Code  Gb  main.o [1]
GPIOIntClear                  0xd93    0x6  Code  Gb  gpio.o [3]
GPIOIntEnable                 0xd7d    0x6  Code  Gb  gpio.o [3]
GPIOIntRegister               0xd99   0x14  Code  Gb  gpio.o [3]
GPIOIntStatus                 0xd83   0x10  Code  Gb  gpio.o [3]
GPIOPadConfigSet              0xc09  0x174  Code  Gb  gpio.o [3]
GPIOPinRead                   0xdb5    0x6  Code  Gb  gpio.o [3]
GPIOPinTypeGPIOInput          0xdc5   0x14  Code  Gb  gpio.o [3]
GPIOPinTypeGPIOOutput         0xdd9    0xa  Code  Gb  gpio.o [3]
GPIOPinWrite                  0xdbb    0x6  Code  Gb  gpio.o [3]
IntDefaultHandler            0x13a1    0x2  Code  Lc  startup_ewarm.o [1]
IntEnable                    0x119b   0x56  Code  Gb  interrupt.o [3]
IntPrioritySet               0x1177   0x24  Code  Gb  interrupt.o [3]
IntRegister                  0x1151   0x26  Code  Gb  interrupt.o [3]
NmiSR                        0x139d    0x2  Code  Lc  startup_ewarm.o [1]
Region$$Table$$Base          0x1360          --   Gb  - Linker created -
Region$$Table$$Limit         0x1384          --   Gb  - Linker created -
ResetISR                     0x1385   0x14  Code  Gb  startup_ewarm.o [1]
SysCtlPeripheralEnable        0xb7d    0x8  Code  Gb  sysctl.o [3]
SysCtlPeripheralReady         0xb5d    0x8  Code  Gb  sysctl.o [3]
Timer0AHandler                0x5b5   0xd0  Code  Gb  main.o [1]
Timer0AHandler::count   0x2000'0004    0x4  Data  Lc  main.o [1]
Timer1AHandler                0x685  0x100  Code  Gb  main.o [1]
Timer1AHandler::count   0x2000'0008    0x4  Data  Lc  main.o [1]
Timer2AHandler                0x785   0xa4  Code  Gb  main.o [1]
TimerClockSourceSet          0x1069    0x6  Code  Gb  timer.o [3]
TimerConfigure               0x1007   0x52  Code  Gb  timer.o [3]
TimerDisable                  0xffb    0xc  Code  Gb  timer.o [3]
TimerEnable                   0xfef    0xc  Code  Gb  timer.o [3]
TimerIntClear                0x10ab    0x4  Code  Gb  timer.o [3]
TimerIntEnable               0x1099    0x4  Code  Gb  timer.o [3]
TimerIntRegister             0x107f   0x1a  Code  Gb  timer.o [3]
TimerLoadSet                 0x106f   0x10  Code  Gb  timer.o [3]
_GPIOIntNumberGet             0xba1   0x40  Code  Lc  gpio.o [3]
_TimerIntNumberGet            0xfad   0x42  Code  Lc  timer.o [3]
__cmain                      0x13c1         Code  Gb  cmain.o [5]
__exit                       0x13f5   0x14  Code  Gb  exit.o [6]
__iar_copy_init3             0x12e9   0x2a  Code  Gb  copy_init3.o [5]
__iar_data_init3             0x1315   0x28  Code  Gb  data_init.o [5]
__iar_init_vfp               0x133d         Code  Gb  fpinit_M.o [4]
__iar_program_start          0x13a5         Code  Gb  cstartup_M.o [5]
__iar_zero_init3             0x12b1   0x38  Code  Gb  zero_init3.o [5]
__low_level_init             0x13df    0x4  Code  Gb  low_level_init.o [2]
__vector_table                  0x0  0x26c  Data  Gb  startup_ewarm.o [1]
_call_main                   0x13cd         Code  Gb  cmain.o [5]
_exit                        0x13e9         Code  Gb  cexit.o [5]
exit                         0x13e3    0x4  Code  Gb  exit.o [2]
g_pfnRAMVectors         0x2000'0400  0x26c  Data  Lc  interrupt.o [3]
g_ppui32GPIOIntMapBlizzard
                              0xe14   0xc0  Data  Lc  gpio.o [3]
g_ppui32GPIOIntMapSnowflake
                              0xed4   0xd8  Data  Lc  gpio.o [3]
g_ppui32TimerIntMap          0x10b0   0x60  Data  Lc  timer.o [3]
g_ppui32TimerIntMapSnowflake
                             0x1110   0x40  Data  Lc  timer.o [3]
g_pui32EnRegs                0x129c   0x14  Data  Lc  interrupt.o [3]
g_pui32Regs                  0x1200   0x9c  Data  Lc  interrupt.o [3]
green                   0x2000'0000    0x4  Data  Lc  main.o [1]
main                          0x26d  0x346  Code  Gb  main.o [1]
paused                  0x2000'0678    0x4  Data  Lc  main.o [1]
pui32Stack              0x2000'067c  0x200  Data  Lc  startup_ewarm.o [1]
red                     0x2000'0670    0x4  Data  Lc  main.o [1]
t                       0x2000'066c    0x4  Data  Lc  main.o [1]
yellow                  0x2000'0674    0x4  Data  Lc  main.o [1]


[1] = E:\College\4- Senior 1\Semester 1\CSE211 - Introduction to Embedded Systems\Project\Final project\Debug\Obj
[2] = dl7M_tln.a
[3] = driverlib.a
[4] = m7M_tls.a
[5] = rt7M_tl.a
[6] = shb_l.a

  4'470 bytes of readonly  code memory
    670 bytes of readonly  data memory
  2'172 bytes of readwrite data memory

Errors: none
Warnings: 1
